*** EVALUATION ***
PROGRAM "C:\Users\nrbrenne\OneDrive - Indiana University\ECE 362 Lab\final2\bin\Project.abs"

*********************************************************************************************
TARGET SECTION
---------------------------------------------------------------------------------------------
Processor   : Freescale HC12
Memory Model: SMALL
File Format : ELF\DWARF 2.0
Linker      : SmartLinker V-5.0.40 Build 10203, Jul 23 2010

*********************************************************************************************
FILE SECTION
---------------------------------------------------------------------------------------------
main.asm.o                              Model: SMALL,         Lang: Assembler
lcddisp.c.o                             Model: SMALL,         Lang: ANSI-C
mc9s12e128.c.o                          Model: SMALL,         Lang: ANSI-C
potentiometer.c.o                       Model: SMALL,         Lang: ANSI-C
SendsChr.c.o                            Model: SMALL,         Lang: ANSI-C
IRQ_ISR.asm.o                           Model: SMALL,         Lang: Assembler
RTI_ISR.asm.o                           Model: SMALL,         Lang: Assembler
change_pin.asm.o                        Model: SMALL,         Lang: Assembler
change_temp.asm.o                       Model: SMALL,         Lang: Assembler
debounceDelay.asm.o                     Model: SMALL,         Lang: Assembler
keypad_no_press.asm.o                   Model: SMALL,         Lang: Assembler
PIN_BOOT_UP.asm.o                       Model: SMALL,         Lang: Assembler
pushbutton.asm.o                        Model: SMALL,         Lang: Assembler
initialize_strings.asm.o                Model: SMALL,         Lang: Assembler
getTargetTemp.asm.o                     Model: SMALL,         Lang: Assembler
system_on_code.asm.o                    Model: SMALL,         Lang: Assembler

*********************************************************************************************
STARTUP SECTION
---------------------------------------------------------------------------------------------
Entry point: 0xC000 (_Startup)

*********************************************************************************************
SECTION-ALLOCATION SECTION
Section Name                    Size  Type     From       To       Segment
---------------------------------------------------------------------------------------------
.init                            161     R     0xC000     0xC0A0   ROM_C000
NON_BANKED                       301     R     0xC0A1     0xC1CD   ROM_C000
.stack                           256   R/W      0x400      0x4FF   RAM
.abs_section_8                     1   N/I        0x8        0x8   .absSeg0
.abs_section_9                     1   N/I        0x9        0x9   .absSeg1
.abs_section_a                     1   N/I        0xA        0xA   .absSeg2
.abs_section_b                     1   N/I        0xB        0xB   .absSeg3
.abs_section_c                     1   N/I        0xC        0xC   .absSeg4
.abs_section_d                     1   N/I        0xD        0xD   .absSeg5
.abs_section_e                     1   N/I        0xE        0xE   .absSeg6
.abs_section_10                    1   N/I       0x10       0x10   .absSeg7
.abs_section_11                    1   N/I       0x11       0x11   .absSeg8
.abs_section_13                    1   N/I       0x13       0x13   .absSeg9
.abs_section_15                    1   N/I       0x15       0x15   .absSeg10
.abs_section_16                    1   N/I       0x16       0x16   .absSeg11
.abs_section_19                    1   N/I       0x19       0x19   .absSeg12
.abs_section_1c                    1   N/I       0x1C       0x1C   .absSeg13
.abs_section_1d                    1   N/I       0x1D       0x1D   .absSeg14
.abs_section_1e                    1   N/I       0x1E       0x1E   .absSeg15
.abs_section_1f                    1   N/I       0x1F       0x1F   .absSeg16
.abs_section_20                    1   N/I       0x20       0x20   .absSeg17
.abs_section_21                    1   N/I       0x21       0x21   .absSeg18
.abs_section_24                    1   N/I       0x24       0x24   .absSeg19
.abs_section_25                    1   N/I       0x25       0x25   .absSeg20
.abs_section_28                    1   N/I       0x28       0x28   .absSeg21
.abs_section_29                    1   N/I       0x29       0x29   .absSeg22
.abs_section_2a                    1   N/I       0x2A       0x2A   .absSeg23
.abs_section_2d                    1   N/I       0x2D       0x2D   .absSeg24
.abs_section_30                    1   N/I       0x30       0x30   .absSeg25
.abs_section_32                    1   N/I       0x32       0x32   .absSeg26
.abs_section_33                    1   N/I       0x33       0x33   .absSeg27
.abs_section_34                    1   N/I       0x34       0x34   .absSeg28
.abs_section_35                    1   N/I       0x35       0x35   .absSeg29
.abs_section_37                    1   N/I       0x37       0x37   .absSeg30
.abs_section_38                    1   N/I       0x38       0x38   .absSeg31
.abs_section_39                    1   N/I       0x39       0x39   .absSeg32
.abs_section_3a                    1   N/I       0x3A       0x3A   .absSeg33
.abs_section_3b                    1   N/I       0x3B       0x3B   .absSeg34
.abs_section_3c                    1   N/I       0x3C       0x3C   .absSeg35
.abs_section_3f                    1   N/I       0x3F       0x3F   .absSeg36
.abs_section_40                    1   N/I       0x40       0x40   .absSeg37
.abs_section_41                    1   N/I       0x41       0x41   .absSeg38
.abs_section_42                    1   N/I       0x42       0x42   .absSeg39
.abs_section_43                    1   N/I       0x43       0x43   .absSeg40
.abs_section_46                    1   N/I       0x46       0x46   .absSeg41
.abs_section_47                    1   N/I       0x47       0x47   .absSeg42
.abs_section_48                    1   N/I       0x48       0x48   .absSeg43
.abs_section_4a                    1   N/I       0x4A       0x4A   .absSeg44
.abs_section_4c                    1   N/I       0x4C       0x4C   .absSeg45
.abs_section_4d                    1   N/I       0x4D       0x4D   .absSeg46
.abs_section_4e                    1   N/I       0x4E       0x4E   .absSeg47
.abs_section_4f                    1   N/I       0x4F       0x4F   .absSeg48
.abs_section_60                    1   N/I       0x60       0x60   .absSeg49
.abs_section_61                    1   N/I       0x61       0x61   .absSeg50
.abs_section_86                    1   N/I       0x86       0x86   .absSeg51
.abs_section_89                    1   N/I       0x89       0x89   .absSeg52
.abs_section_8a                    1   N/I       0x8A       0x8A   .absSeg53
.abs_section_8b                    1   N/I       0x8B       0x8B   .absSeg54
.abs_section_8e                    1   N/I       0x8E       0x8E   .absSeg55
.abs_section_8f                    1   N/I       0x8F       0x8F   .absSeg56
.abs_section_ca                    1   N/I       0xCA       0xCA   .absSeg57
.abs_section_cb                    1   N/I       0xCB       0xCB   .absSeg58
.abs_section_cc                    1   N/I       0xCC       0xCC   .absSeg59
.abs_section_cd                    1   N/I       0xCD       0xCD   .absSeg60
.abs_section_ce                    1   N/I       0xCE       0xCE   .absSeg61
.abs_section_cf                    1   N/I       0xCF       0xCF   .absSeg62
.abs_section_d2                    1   N/I       0xD2       0xD2   .absSeg63
.abs_section_d3                    1   N/I       0xD3       0xD3   .absSeg64
.abs_section_d4                    1   N/I       0xD4       0xD4   .absSeg65
.abs_section_d5                    1   N/I       0xD5       0xD5   .absSeg66
.abs_section_d6                    1   N/I       0xD6       0xD6   .absSeg67
.abs_section_d7                    1   N/I       0xD7       0xD7   .absSeg68
.abs_section_d8                    1   N/I       0xD8       0xD8   .absSeg69
.abs_section_d9                    1   N/I       0xD9       0xD9   .absSeg70
.abs_section_da                    1   N/I       0xDA       0xDA   .absSeg71
.abs_section_db                    1   N/I       0xDB       0xDB   .absSeg72
.abs_section_dd                    1   N/I       0xDD       0xDD   .absSeg73
.abs_section_e0                    1   N/I       0xE0       0xE0   .absSeg74
.abs_section_e1                    1   N/I       0xE1       0xE1   .absSeg75
.abs_section_e2                    1   N/I       0xE2       0xE2   .absSeg76
.abs_section_e3                    1   N/I       0xE3       0xE3   .absSeg77
.abs_section_e4                    1   N/I       0xE4       0xE4   .absSeg78
.abs_section_ea                    1   N/I       0xEA       0xEA   .absSeg79
.abs_section_eb                    1   N/I       0xEB       0xEB   .absSeg80
.abs_section_ec                    1   N/I       0xEC       0xEC   .absSeg81
.abs_section_ed                    1   N/I       0xED       0xED   .absSeg82
.abs_section_ee                    1   N/I       0xEE       0xEE   .absSeg83
.abs_section_ef                    1   N/I       0xEF       0xEF   .absSeg84
.abs_section_f0                    1   N/I       0xF0       0xF0   .absSeg85
.abs_section_f2                    1   N/I       0xF2       0xF2   .absSeg86
.abs_section_f3                    1   N/I       0xF3       0xF3   .absSeg87
.abs_section_f4                    1   N/I       0xF4       0xF4   .absSeg88
.abs_section_f6                    1   N/I       0xF6       0xF6   .absSeg89
.abs_section_f7                    1   N/I       0xF7       0xF7   .absSeg90
.abs_section_100                   1   N/I      0x100      0x100   .absSeg91
.abs_section_101                   1   N/I      0x101      0x101   .absSeg92
.abs_section_103                   1   N/I      0x103      0x103   .absSeg93
.abs_section_104                   1   N/I      0x104      0x104   .absSeg94
.abs_section_105                   1   N/I      0x105      0x105   .absSeg95
.abs_section_106                   1   N/I      0x106      0x106   .absSeg96
.abs_section_140                   1   N/I      0x140      0x140   .absSeg97
.abs_section_141                   1   N/I      0x141      0x141   .absSeg98
.abs_section_142                   1   N/I      0x142      0x142   .absSeg99
.abs_section_143                   1   N/I      0x143      0x143   .absSeg100
.abs_section_146                   1   N/I      0x146      0x146   .absSeg101
.abs_section_147                   1   N/I      0x147      0x147   .absSeg102
.abs_section_148                   1   N/I      0x148      0x148   .absSeg103
.abs_section_14a                   1   N/I      0x14A      0x14A   .absSeg104
.abs_section_14c                   1   N/I      0x14C      0x14C   .absSeg105
.abs_section_14d                   1   N/I      0x14D      0x14D   .absSeg106
.abs_section_14e                   1   N/I      0x14E      0x14E   .absSeg107
.abs_section_14f                   1   N/I      0x14F      0x14F   .absSeg108
.abs_section_160                   1   N/I      0x160      0x160   .absSeg109
.abs_section_161                   1   N/I      0x161      0x161   .absSeg110
.abs_section_180                   1   N/I      0x180      0x180   .absSeg111
.abs_section_181                   1   N/I      0x181      0x181   .absSeg112
.abs_section_182                   1   N/I      0x182      0x182   .absSeg113
.abs_section_183                   1   N/I      0x183      0x183   .absSeg114
.abs_section_186                   1   N/I      0x186      0x186   .absSeg115
.abs_section_187                   1   N/I      0x187      0x187   .absSeg116
.abs_section_188                   1   N/I      0x188      0x188   .absSeg117
.abs_section_18a                   1   N/I      0x18A      0x18A   .absSeg118
.abs_section_18c                   1   N/I      0x18C      0x18C   .absSeg119
.abs_section_18d                   1   N/I      0x18D      0x18D   .absSeg120
.abs_section_18e                   1   N/I      0x18E      0x18E   .absSeg121
.abs_section_18f                   1   N/I      0x18F      0x18F   .absSeg122
.abs_section_1a0                   1   N/I      0x1A0      0x1A0   .absSeg123
.abs_section_1a1                   1   N/I      0x1A1      0x1A1   .absSeg124
.abs_section_1e0                   1   N/I      0x1E0      0x1E0   .absSeg125
.abs_section_1e1                   1   N/I      0x1E1      0x1E1   .absSeg126
.abs_section_1e2                   1   N/I      0x1E2      0x1E2   .absSeg127
.abs_section_1e3                   1   N/I      0x1E3      0x1E3   .absSeg128
.abs_section_1e4                   1   N/I      0x1E4      0x1E4   .absSeg129
.abs_section_1e5                   1   N/I      0x1E5      0x1E5   .absSeg130
.abs_section_1e8                   1   N/I      0x1E8      0x1E8   .absSeg131
.abs_section_1e9                   1   N/I      0x1E9      0x1E9   .absSeg132
.abs_section_1fe                   1   N/I      0x1FE      0x1FE   .absSeg133
.abs_section_200                   1   N/I      0x200      0x200   .absSeg134
.abs_section_201                   1   N/I      0x201      0x201   .absSeg135
.abs_section_202                   1   N/I      0x202      0x202   .absSeg136
.abs_section_203                   1   N/I      0x203      0x203   .absSeg137
.abs_section_204                   1   N/I      0x204      0x204   .absSeg138
.abs_section_205                   1   N/I      0x205      0x205   .absSeg139
.abs_section_206                   1   N/I      0x206      0x206   .absSeg140
.abs_section_207                   1   N/I      0x207      0x207   .absSeg141
.abs_section_208                   1   N/I      0x208      0x208   .absSeg142
.abs_section_209                   1   N/I      0x209      0x209   .absSeg143
.abs_section_20a                   1   N/I      0x20A      0x20A   .absSeg144
.abs_section_20c                   1   N/I      0x20C      0x20C   .absSeg145
.abs_section_20d                   1   N/I      0x20D      0x20D   .absSeg146
.abs_section_20e                   1   N/I      0x20E      0x20E   .absSeg147
.abs_section_20f                   1   N/I      0x20F      0x20F   .absSeg148
.abs_section_220                   1   N/I      0x220      0x220   .absSeg149
.abs_section_221                   1   N/I      0x221      0x221   .absSeg150
.abs_section_228                   1   N/I      0x228      0x228   .absSeg151
.abs_section_229                   1   N/I      0x229      0x229   .absSeg152
.abs_section_230                   1   N/I      0x230      0x230   .absSeg153
.abs_section_231                   1   N/I      0x231      0x231   .absSeg154
.abs_section_240                   1   N/I      0x240      0x240   .absSeg155
.abs_section_241                   1   N/I      0x241      0x241   .absSeg156
.abs_section_242                   1   N/I      0x242      0x242   .absSeg157
.abs_section_243                   1   N/I      0x243      0x243   .absSeg158
.abs_section_244                   1   N/I      0x244      0x244   .absSeg159
.abs_section_245                   1   N/I      0x245      0x245   .absSeg160
.abs_section_248                   1   N/I      0x248      0x248   .absSeg161
.abs_section_249                   1   N/I      0x249      0x249   .absSeg162
.abs_section_24a                   1   N/I      0x24A      0x24A   .absSeg163
.abs_section_24b                   1   N/I      0x24B      0x24B   .absSeg164
.abs_section_24c                   1   N/I      0x24C      0x24C   .absSeg165
.abs_section_24d                   1   N/I      0x24D      0x24D   .absSeg166
.abs_section_24e                   1   N/I      0x24E      0x24E   .absSeg167
.abs_section_250                   1   N/I      0x250      0x250   .absSeg168
.abs_section_251                   1   N/I      0x251      0x251   .absSeg169
.abs_section_252                   1   N/I      0x252      0x252   .absSeg170
.abs_section_253                   1   N/I      0x253      0x253   .absSeg171
.abs_section_254                   1   N/I      0x254      0x254   .absSeg172
.abs_section_255                   1   N/I      0x255      0x255   .absSeg173
.abs_section_256                   1   N/I      0x256      0x256   .absSeg174
.abs_section_258                   1   N/I      0x258      0x258   .absSeg175
.abs_section_259                   1   N/I      0x259      0x259   .absSeg176
.abs_section_25a                   1   N/I      0x25A      0x25A   .absSeg177
.abs_section_25b                   1   N/I      0x25B      0x25B   .absSeg178
.abs_section_25c                   1   N/I      0x25C      0x25C   .absSeg179
.abs_section_25d                   1   N/I      0x25D      0x25D   .absSeg180
.abs_section_260                   1   N/I      0x260      0x260   .absSeg181
.abs_section_261                   1   N/I      0x261      0x261   .absSeg182
.abs_section_262                   1   N/I      0x262      0x262   .absSeg183
.abs_section_263                   1   N/I      0x263      0x263   .absSeg184
.abs_section_264                   1   N/I      0x264      0x264   .absSeg185
.abs_section_265                   1   N/I      0x265      0x265   .absSeg186
.abs_section_268                   1   N/I      0x268      0x268   .absSeg187
.abs_section_269                   1   N/I      0x269      0x269   .absSeg188
.abs_section_26a                   1   N/I      0x26A      0x26A   .absSeg189
.abs_section_26b                   1   N/I      0x26B      0x26B   .absSeg190
.abs_section_26c                   1   N/I      0x26C      0x26C   .absSeg191
.abs_section_26d                   1   N/I      0x26D      0x26D   .absSeg192
.abs_section_26e                   1   N/I      0x26E      0x26E   .absSeg193
.abs_section_0                     2   N/I        0x0        0x1   .absSeg194
.abs_section_2                     2   N/I        0x2        0x3   .absSeg195
.abs_section_1a                    2   N/I       0x1A       0x1B   .absSeg196
.abs_section_22                    2   N/I       0x22       0x23   .absSeg197
.abs_section_26                    2   N/I       0x26       0x27   .absSeg198
.abs_section_2b                    2   N/I       0x2B       0x2C   .absSeg199
.abs_section_2e                    2   N/I       0x2E       0x2F   .absSeg200
.abs_section_44                    2   N/I       0x44       0x45   .absSeg201
.abs_section_58                    2   N/I       0x58       0x59   .absSeg202
.abs_section_5a                    2   N/I       0x5A       0x5B   .absSeg203
.abs_section_5c                    2   N/I       0x5C       0x5D   .absSeg204
.abs_section_5e                    2   N/I       0x5E       0x5F   .absSeg205
.abs_section_62                    2   N/I       0x62       0x63   .absSeg206
.abs_section_82                    2   N/I       0x82       0x83   .absSeg207
.abs_section_84                    2   N/I       0x84       0x85   .absSeg208
.abs_section_8c                    2   N/I       0x8C       0x8D   .absSeg209
.abs_section_90                    2   N/I       0x90       0x91   .absSeg210
.abs_section_92                    2   N/I       0x92       0x93   .absSeg211
.abs_section_94                    2   N/I       0x94       0x95   .absSeg212
.abs_section_96                    2   N/I       0x96       0x97   .absSeg213
.abs_section_98                    2   N/I       0x98       0x99   .absSeg214
.abs_section_9a                    2   N/I       0x9A       0x9B   .absSeg215
.abs_section_9c                    2   N/I       0x9C       0x9D   .absSeg216
.abs_section_9e                    2   N/I       0x9E       0x9F   .absSeg217
.abs_section_a0                    2   N/I       0xA0       0xA1   .absSeg218
.abs_section_a2                    2   N/I       0xA2       0xA3   .absSeg219
.abs_section_a4                    2   N/I       0xA4       0xA5   .absSeg220
.abs_section_a6                    2   N/I       0xA6       0xA7   .absSeg221
.abs_section_a8                    2   N/I       0xA8       0xA9   .absSeg222
.abs_section_aa                    2   N/I       0xAA       0xAB   .absSeg223
.abs_section_ac                    2   N/I       0xAC       0xAD   .absSeg224
.abs_section_ae                    2   N/I       0xAE       0xAF   .absSeg225
.abs_section_c8                    2   N/I       0xC8       0xC9   .absSeg226
.abs_section_d0                    2   N/I       0xD0       0xD1   .absSeg227
.abs_section_e8                    2   N/I       0xE8       0xE9   .absSeg228
.abs_section_144                   2   N/I      0x144      0x145   .absSeg229
.abs_section_158                   2   N/I      0x158      0x159   .absSeg230
.abs_section_15a                   2   N/I      0x15A      0x15B   .absSeg231
.abs_section_15c                   2   N/I      0x15C      0x15D   .absSeg232
.abs_section_15e                   2   N/I      0x15E      0x15F   .absSeg233
.abs_section_162                   2   N/I      0x162      0x163   .absSeg234
.abs_section_184                   2   N/I      0x184      0x185   .absSeg235
.abs_section_198                   2   N/I      0x198      0x199   .absSeg236
.abs_section_19a                   2   N/I      0x19A      0x19B   .absSeg237
.abs_section_19c                   2   N/I      0x19C      0x19D   .absSeg238
.abs_section_19e                   2   N/I      0x19E      0x19F   .absSeg239
.abs_section_1a2                   2   N/I      0x1A2      0x1A3   .absSeg240
.abs_section_1ec                   2   N/I      0x1EC      0x1ED   .absSeg241
.abs_section_1ee                   2   N/I      0x1EE      0x1EF   .absSeg242
.abs_section_1f0                   2   N/I      0x1F0      0x1F1   .absSeg243
.abs_section_1f2                   2   N/I      0x1F2      0x1F3   .absSeg244
.abs_section_1f4                   2   N/I      0x1F4      0x1F5   .absSeg245
.abs_section_1f6                   2   N/I      0x1F6      0x1F7   .absSeg246
.abs_section_1f8                   2   N/I      0x1F8      0x1F9   .absSeg247
.abs_section_1fa                   2   N/I      0x1FA      0x1FB   .absSeg248
.abs_section_1fc                   2   N/I      0x1FC      0x1FD   .absSeg249
.abs_section_210                   2   N/I      0x210      0x211   .absSeg250
.abs_section_212                   2   N/I      0x212      0x213   .absSeg251
.abs_section_214                   2   N/I      0x214      0x215   .absSeg252
.abs_section_216                   2   N/I      0x216      0x217   .absSeg253
.abs_section_218                   2   N/I      0x218      0x219   .absSeg254
.abs_section_21a                   2   N/I      0x21A      0x21B   .absSeg255
.abs_section_222                   2   N/I      0x222      0x223   .absSeg256
.abs_section_224                   2   N/I      0x224      0x225   .absSeg257
.abs_section_226                   2   N/I      0x226      0x227   .absSeg258
.abs_section_22a                   2   N/I      0x22A      0x22B   .absSeg259
.abs_section_22c                   2   N/I      0x22C      0x22D   .absSeg260
.abs_section_22e                   2   N/I      0x22E      0x22F   .absSeg261
.abs_section_232                   2   N/I      0x232      0x233   .absSeg262
.abs_section_234                   2   N/I      0x234      0x235   .absSeg263
.abs_section_236                   2   N/I      0x236      0x237   .absSeg264
.abs_section_270                   2   N/I      0x270      0x271   .absSeg265
.abs_section_272                   2   N/I      0x272      0x273   .absSeg266
.abs_section_274                   2   N/I      0x274      0x275   .absSeg267
.abs_section_276                   2   N/I      0x276      0x277   .absSeg268
.abs_section_278                   2   N/I      0x278      0x279   .absSeg269
.abs_section_27a                   2   N/I      0x27A      0x27B   .absSeg270
.abs_section_27c                   2   N/I      0x27C      0x27D   .absSeg271
.abs_section_27e                   2   N/I      0x27E      0x27F   .absSeg272
.bss                               6   R/W      0x500      0x505   RAM
constants                         37     R     0xC1CE     0xC1F2   ROM_C000
variables                        463   R/W      0x506      0x6D4   RAM
.common                            2   R/W      0x6D5      0x6D6   RAM
IRQ_ISR.asm._SEC000000            11     R     0xC1F3     0xC1FD   ROM_C000
RTI_ISR.asm._SEC000000           285     R     0xC1FE     0xC31A   ROM_C000
change_pin.asm._SEC000000        107     R     0xC31B     0xC385   ROM_C000
change_temp.asm._SEC000000        260     R     0xC386     0xC489   ROM_C000
debounceDelay.asm._SEC000000         13     R     0xC48A     0xC496   ROM_C000
keypad_no_press.asm._SEC000000        109     R     0xC497     0xC503   ROM_C000
PIN_BOOT_UP.asm._SEC000000        257     R     0xC504     0xC604   ROM_C000
pushbutton.asm._SEC000000         22     R     0xC605     0xC61A   ROM_C000
initialize_strings.asm._SEC000000       2061     R     0xC61B     0xCE27   ROM_C000
getTargetTemp.asm._SEC000000         89     R     0xCE28     0xCE80   ROM_C000
MY_MACRO                         680     R     0xCE81     0xD128   ROM_C000
.vectSeg273_vect                   4     R     0xFFF0     0xFFF3   .vectSeg273
.vectSeg274_vect                   2     R     0xFFFE     0xFFFF   .vectSeg274

Summary of section sizes per section type:
READ_ONLY (R):        112F (dec:     4399)
READ_WRITE (R/W):      2D7 (dec:      727)
NO_INIT (N/I):         160 (dec:      352)

*********************************************************************************************
VECTOR-ALLOCATION SECTION
    Address     InitValue   InitFunction
---------------------------------------------------------------------------------------------
     0xFFF0        0xC1FE   RTI_ISR
     0xFFF2        0xC1F3   IRQ_ISR
     0xFFFE        0xC000   _Startup

*********************************************************************************************
OBJECT-ALLOCATION SECTION
     Name               Module                 Addr   hSize   dSize     Ref    Section   RLIB
---------------------------------------------------------------------------------------------
MODULE:                 -- main.asm.o --
- PROCEDURES:
     Entry                                     C000      50      80       0   .init       
     _Startup                                  C000       0       0       0   .init       
     MAIN                                      C050      1B      27       1   .init       
     MAIN_2                                    C06B       F      15       3   .init       
     returnFromLight                           C07A       8       8       0   .init       
     sysLoop                                   C082       5       5       0   .init       
     lightLP                                   C087       3       3       0   .init       
     seqSend                                   C08A       E      14       0   .init       
     delay20ms2                                C098       9       9       0   .init       
- VARIABLES:
     boot_up_disp                               506      21      33      47   variables   
     PINerrormsg                                527       B      11      12   variables   
     maindisp1                                  532      21      33      43   variables   
     maindisp2                                  553      21      33      43   variables   
     maindisp3                                  574      21      33      34   variables   
     newPinReq                                  595      21      33      41   variables   
     PIN                                        5B6       5       5       7   variables   
     flagOne                                    5BB       1       1       5   variables   
     flagTwo                                    5BC       1       1       4   variables   
     tempFlag                                   5BD       1       1       4   variables   
     PIN_in_loc                                 5BE       2       2       8   variables   
     PIN_loc                                    5C0       2       2       6   variables   
     DelayCount                                 5C2       2       2       1   variables   
     saveVal                                    5C4       1       1       4   variables   
     pressNUM                                   5C5       1       1       8   variables   
     smallSeconds                               5C6       2       2       4   variables   
     dispChangeFreq                             5C8       2       2       9   variables   
     alarmFlag                                  5CA       1       1      10   variables   
     alarmIsOn                                  5CB       1       1       9   variables   
     gettingPIN                                 5CC       1       1       5   variables   
     didPress                                   5CD       1       1       5   variables   
     pushButtonFlag                             5CE       1       1       9   variables   
     toneFreq                                   5CF       1       1       3   variables   
     right_num_disp                             5D0       1       1       6   variables   
     left_num_disp                              5D1       1       1       6   variables   
     convertedFlag                              5D2       1       1       4   variables   
     hum_hun_p                                  5D3       1       1       3   variables   
     hum_ten_p                                  5D4       1       1       3   variables   
     hum_one_p                                  5D5       1       1       3   variables   
     celcius_hum                                5D6       2       2       2   variables   
     fahren_hum                                 5D8       2       2       0   variables   
     cooling_header                             5DA      21      33      36   variables   
     heating_header                             5FB      21      33      36   variables   
     cooling_header2                            61C      21      33      36   variables   
     heating_header2                            63D      21      33      36   variables   
     ventilation_header                         65E      21      33      34   variables   
     ventilation_header2                        67F      21      33      34   variables   
     error_header                               6A0      21      33      34   variables   
     digit1                                     6C1       1       1       1   variables   
     digit2                                     6C2       1       1       7   variables   
     digit3                                     6C3       1       1       7   variables   
     partial_temp1                              6C4       1       1       2   variables   
     partial_temp2                              6C5       1       1       1   variables   
     upper_nibble                               6C6       1       1       0   variables   
     pressed_value                              6C7       1       1       0   variables   
     target_temp                                6C8       1       1       6   variables   
     current_temp                               6C9       1       1      14   variables   
     current_temp_f                             6CA       1       1       2   variables   
     mode_FLAG                                  6CB       1       1      12   variables   
     LED_blink_FLAG                             6CC       1       1       3   variables   
     blink_FLAG                                 6CD       1       1       1   variables   
     t_on                                       6CE       1       1       4   variables   
     motor_counter                              6CF       1       1       4   variables   
     motor_flag                                 6D0       1       1       7   variables   
     motor_delay                                6D1       2       2       4   variables   
     ventilation_speed                          6D3       2       2       6   variables   
     scanRows                                  C1CE       5       5       1   constants   
     lutTab                                    C1D3       9       9       1   constants   
     VAR00001                                  C1DC       8       8       0   constants   
     soundArr                                  C1E4       3       3       1   constants   
     lightSequence                             C1E7       7       7       1   constants   
     stepper_array                             C1EE       5       5       1   constants   
- LABELS:
     __SEG_END_SSTACK                           500       0       0       1               
     CRGFLG                                      37       0       0       1   .text       
     port_t                                     240       0       0       9   .text       
     port_t_ddr                                 242       0       0       4   .text       
     port_s                                     248       0       0      10   .text       
     port_s_ddr                                 24A       0       0       0   .text       
     port_p                                     258       0       0       2   .text       
     port_u                                     268       0       0       4   .text       
MODULE:                 -- lcddisp.c.o --
- PROCEDURES:
     delay_ms                                  C0A1      17      23       5   NON_BANKED  
     init_LCD                                  C0B8      52      82       1   NON_BANKED  
     display_string                            C10A      38      56      16   NON_BANKED  
     Delay                                     C142      1F      31       1   NON_BANKED  
     epulse                                    C161      24      36       3   NON_BANKED  
     sendCommand                               C185       F      15       7   NON_BANKED  
- VARIABLES:
     data                                       500       2       2       4   .bss        
MODULE:                 -- mc9s12e128.c.o --
- PROCEDURES:
- VARIABLES:
     _PORTE                                       8       1       1       0   .abs_section_8
     _DDRE                                        9       1       1       0   .abs_section_9
     _PEAR                                        A       1       1       0   .abs_section_a
     _MODE                                        B       1       1       0   .abs_section_b
     _PUCR                                        C       1       1       0   .abs_section_c
     _RDRIV                                       D       1       1       0   .abs_section_d
     _EBICTL                                      E       1       1       0   .abs_section_e
     _INITRM                                     10       1       1       0   .abs_section_10
     _INITRG                                     11       1       1       0   .abs_section_11
     _MISC                                       13       1       1       0   .abs_section_13
     _ITCR                                       15       1       1       0   .abs_section_15
     _ITEST                                      16       1       1       0   .abs_section_16
     _VREGCTRL                                   19       1       1       0   .abs_section_19
     _MEMSIZ0                                    1C       1       1       0   .abs_section_1c
     _MEMSIZ1                                    1D       1       1       0   .abs_section_1d
     _INTCR                                      1E       1       1       0   .abs_section_1e
     _HPRIO                                      1F       1       1       0   .abs_section_1f
     _DBGC1                                      20       1       1       0   .abs_section_20
     _DBGSC                                      21       1       1       0   .abs_section_21
     _DBGCNT                                     24       1       1       0   .abs_section_24
     _DBGCCX                                     25       1       1       0   .abs_section_25
     _DBGC2                                      28       1       1       0   .abs_section_28
     _DBGC3                                      29       1       1       0   .abs_section_29
     _DBGCAX                                     2A       1       1       0   .abs_section_2a
     _DBGCBX                                     2D       1       1       0   .abs_section_2d
     _PPAGE                                      30       1       1       0   .abs_section_30
     _PORTK                                      32       1       1       0   .abs_section_32
     _DDRK                                       33       1       1       0   .abs_section_33
     _SYNR                                       34       1       1       0   .abs_section_34
     _REFDV                                      35       1       1       0   .abs_section_35
     _CRGFLG                                     37       1       1       0   .abs_section_37
     _CRGINT                                     38       1       1       0   .abs_section_38
     _CLKSEL                                     39       1       1       0   .abs_section_39
     _PLLCTL                                     3A       1       1       0   .abs_section_3a
     _RTICTL                                     3B       1       1       0   .abs_section_3b
     _COPCTL                                     3C       1       1       0   .abs_section_3c
     _ARMCOP                                     3F       1       1       0   .abs_section_3f
     _TIM0_TIOS                                  40       1       1       0   .abs_section_40
     _TIM0_CFORC                                 41       1       1       0   .abs_section_41
     _TIM0_OC7M                                  42       1       1       0   .abs_section_42
     _TIM0_OC7D                                  43       1       1       0   .abs_section_43
     _TIM0_TSCR1                                 46       1       1       0   .abs_section_46
     _TIM0_TTOV                                  47       1       1       0   .abs_section_47
     _TIM0_TCTL1                                 48       1       1       0   .abs_section_48
     _TIM0_TCTL3                                 4A       1       1       0   .abs_section_4a
     _TIM0_TIE                                   4C       1       1       0   .abs_section_4c
     _TIM0_TSCR2                                 4D       1       1       0   .abs_section_4d
     _TIM0_TFLG1                                 4E       1       1       0   .abs_section_4e
     _TIM0_TFLG2                                 4F       1       1       0   .abs_section_4f
     _TIM0_PACTL                                 60       1       1       0   .abs_section_60
     _TIM0_PAFLG                                 61       1       1       0   .abs_section_61
     _ATDSTAT0                                   86       1       1       1   .abs_section_86
     _ATDTEST1                                   89       1       1       0   .abs_section_89
     _ATDSTAT2                                   8A       1       1       0   .abs_section_8a
     _ATDSTAT1                                   8B       1       1       0   .abs_section_8b
     _PORTAD0                                    8E       1       1       0   .abs_section_8e
     _PORTAD1                                    8F       1       1       0   .abs_section_8f
     _SCI0CR1                                    CA       1       1       0   .abs_section_ca
     _SCI0CR2                                    CB       1       1       0   .abs_section_cb
     _SCI0SR1                                    CC       1       1       0   .abs_section_cc
     _SCI0SR2                                    CD       1       1       0   .abs_section_cd
     _SCI0DRH                                    CE       1       1       0   .abs_section_ce
     _SCI0DRL                                    CF       1       1       0   .abs_section_cf
     _SCI1CR1                                    D2       1       1       0   .abs_section_d2
     _SCI1CR2                                    D3       1       1       0   .abs_section_d3
     _SCI1SR1                                    D4       1       1       0   .abs_section_d4
     _SCI1SR2                                    D5       1       1       0   .abs_section_d5
     _SCI1DRH                                    D6       1       1       0   .abs_section_d6
     _SCI1DRL                                    D7       1       1       0   .abs_section_d7
     _SPICR1                                     D8       1       1       0   .abs_section_d8
     _SPICR2                                     D9       1       1       0   .abs_section_d9
     _SPIBR                                      DA       1       1       0   .abs_section_da
     _SPISR                                      DB       1       1       0   .abs_section_db
     _SPIDR                                      DD       1       1       0   .abs_section_dd
     _IBAD                                       E0       1       1       0   .abs_section_e0
     _IBFD                                       E1       1       1       0   .abs_section_e1
     _IBCR                                       E2       1       1       0   .abs_section_e2
     _IBSR                                       E3       1       1       0   .abs_section_e3
     _IBDR                                       E4       1       1       0   .abs_section_e4
     _SCI2CR1                                    EA       1       1       0   .abs_section_ea
     _SCI2CR2                                    EB       1       1       0   .abs_section_eb
     _SCI2SR1                                    EC       1       1       0   .abs_section_ec
     _SCI2SR2                                    ED       1       1       0   .abs_section_ed
     _SCI2DRH                                    EE       1       1       0   .abs_section_ee
     _SCI2DRL                                    EF       1       1       0   .abs_section_ef
     _DAC0_DACC0                                 F0       1       1       0   .abs_section_f0
     _DAC0_DACDLeft                              F2       1       1       0   .abs_section_f2
     _DAC0_DACDRight                             F3       1       1       0   .abs_section_f3
     _DAC1_DACC0                                 F4       1       1       0   .abs_section_f4
     _DAC1_DACDLeft                              F6       1       1       0   .abs_section_f6
     _DAC1_DACDRight                             F7       1       1       0   .abs_section_f7
     _FCLKDIV                                   100       1       1       0   .abs_section_100
     _FSEC                                      101       1       1       0   .abs_section_101
     _FCNFG                                     103       1       1       0   .abs_section_103
     _FPROT                                     104       1       1       0   .abs_section_104
     _FSTAT                                     105       1       1       0   .abs_section_105
     _FCMD                                      106       1       1       0   .abs_section_106
     _TIM1_TIOS                                 140       1       1       0   .abs_section_140
     _TIM1_CFORC                                141       1       1       0   .abs_section_141
     _TIM1_OC7M                                 142       1       1       0   .abs_section_142
     _TIM1_OC7D                                 143       1       1       0   .abs_section_143
     _TIM1_TSCR1                                146       1       1       0   .abs_section_146
     _TIM1_TTOV                                 147       1       1       0   .abs_section_147
     _TIM1_TCTL1                                148       1       1       0   .abs_section_148
     _TIM1_TCTL3                                14A       1       1       0   .abs_section_14a
     _TIM1_TIE                                  14C       1       1       0   .abs_section_14c
     _TIM1_TSCR2                                14D       1       1       0   .abs_section_14d
     _TIM1_TFLG1                                14E       1       1       0   .abs_section_14e
     _TIM1_TFLG2                                14F       1       1       0   .abs_section_14f
     _TIM1_PACTL                                160       1       1       0   .abs_section_160
     _TIM1_PAFLG                                161       1       1       0   .abs_section_161
     _TIM2_TIOS                                 180       1       1       0   .abs_section_180
     _TIM2_CFORC                                181       1       1       0   .abs_section_181
     _TIM2_OC7M                                 182       1       1       0   .abs_section_182
     _TIM2_OC7D                                 183       1       1       0   .abs_section_183
     _TIM2_TSCR1                                186       1       1       0   .abs_section_186
     _TIM2_TTOV                                 187       1       1       0   .abs_section_187
     _TIM2_TCTL1                                188       1       1       0   .abs_section_188
     _TIM2_TCTL3                                18A       1       1       0   .abs_section_18a
     _TIM2_TIE                                  18C       1       1       0   .abs_section_18c
     _TIM2_TSCR2                                18D       1       1       0   .abs_section_18d
     _TIM2_TFLG1                                18E       1       1       0   .abs_section_18e
     _TIM2_TFLG2                                18F       1       1       0   .abs_section_18f
     _TIM2_PACTL                                1A0       1       1       0   .abs_section_1a0
     _TIM2_PAFLG                                1A1       1       1       0   .abs_section_1a1
     _PWME                                      1E0       1       1       0   .abs_section_1e0
     _PWMPOL                                    1E1       1       1       0   .abs_section_1e1
     _PWMCLK                                    1E2       1       1       0   .abs_section_1e2
     _PWMPRCLK                                  1E3       1       1       0   .abs_section_1e3
     _PWMCAE                                    1E4       1       1       0   .abs_section_1e4
     _PWMCTL                                    1E5       1       1       0   .abs_section_1e5
     _PWMSCLA                                   1E8       1       1       0   .abs_section_1e8
     _PWMSCLB                                   1E9       1       1       0   .abs_section_1e9
     _PWMSDN                                    1FE       1       1       0   .abs_section_1fe
     _PMFCFG0                                   200       1       1       0   .abs_section_200
     _PMFCFG1                                   201       1       1       0   .abs_section_201
     _PMFCFG2                                   202       1       1       0   .abs_section_202
     _PMFCFG3                                   203       1       1       0   .abs_section_203
     _PMFFCTL                                   204       1       1       0   .abs_section_204
     _PMFFPIN                                   205       1       1       0   .abs_section_205
     _PMFFSTA                                   206       1       1       0   .abs_section_206
     _PMFQSMP                                   207       1       1       0   .abs_section_207
     _PMFDMPA                                   208       1       1       0   .abs_section_208
     _PMFDMPB                                   209       1       1       0   .abs_section_209
     _PMFDMPC                                   20A       1       1       0   .abs_section_20a
     _PMFOUTC                                   20C       1       1       0   .abs_section_20c
     _PMFOUTB                                   20D       1       1       0   .abs_section_20d
     _PMFDTMS                                   20E       1       1       0   .abs_section_20e
     _PMFCCTL                                   20F       1       1       0   .abs_section_20f
     _PMFENCA                                   220       1       1       0   .abs_section_220
     _PMFFQCA                                   221       1       1       0   .abs_section_221
     _PMFENCB                                   228       1       1       0   .abs_section_228
     _PMFFQCB                                   229       1       1       0   .abs_section_229
     _PMFENCC                                   230       1       1       0   .abs_section_230
     _PMFFQCC                                   231       1       1       0   .abs_section_231
     _PTT                                       240       1       1       2   .abs_section_240
     _PTIT                                      241       1       1       0   .abs_section_241
     _DDRT                                      242       1       1       0   .abs_section_242
     _RDRT                                      243       1       1       0   .abs_section_243
     _PERT                                      244       1       1       0   .abs_section_244
     _PPST                                      245       1       1       0   .abs_section_245
     _PTS                                       248       1       1       0   .abs_section_248
     _PTIS                                      249       1       1       0   .abs_section_249
     _DDRS                                      24A       1       1       0   .abs_section_24a
     _RDRS                                      24B       1       1       0   .abs_section_24b
     _PERS                                      24C       1       1       0   .abs_section_24c
     _PPSS                                      24D       1       1       0   .abs_section_24d
     _WOMS                                      24E       1       1       0   .abs_section_24e
     _PTM                                       250       1       1       5   .abs_section_250
     _PTIM                                      251       1       1       0   .abs_section_251
     _DDRM                                      252       1       1       1   .abs_section_252
     _RDRM                                      253       1       1       0   .abs_section_253
     _PERM                                      254       1       1       0   .abs_section_254
     _PPSM                                      255       1       1       0   .abs_section_255
     _WOMM                                      256       1       1       0   .abs_section_256
     _PTP                                       258       1       1       0   .abs_section_258
     _PTIP                                      259       1       1       0   .abs_section_259
     _DDRP                                      25A       1       1       0   .abs_section_25a
     _RDRP                                      25B       1       1       0   .abs_section_25b
     _PERP                                      25C       1       1       0   .abs_section_25c
     _PPSP                                      25D       1       1       0   .abs_section_25d
     _PTQ                                       260       1       1       0   .abs_section_260
     _PTIQ                                      261       1       1       0   .abs_section_261
     _DDRQ                                      262       1       1       0   .abs_section_262
     _RDRQ                                      263       1       1       0   .abs_section_263
     _PERQ                                      264       1       1       0   .abs_section_264
     _PPSQ                                      265       1       1       0   .abs_section_265
     _PTU                                       268       1       1       0   .abs_section_268
     _PTIU                                      269       1       1       0   .abs_section_269
     _DDRU                                      26A       1       1       0   .abs_section_26a
     _RDRU                                      26B       1       1       0   .abs_section_26b
     _PERU                                      26C       1       1       0   .abs_section_26c
     _PPSU                                      26D       1       1       0   .abs_section_26d
     _MODRR                                     26E       1       1       0   .abs_section_26e
     _PORTAB                                      0       2       2       0   .abs_section_0
     _DDRAB                                       2       2       2       0   .abs_section_2
     _PARTID                                     1A       2       2       0   .abs_section_1a
     _DBGTB                                      22       2       2       0   .abs_section_22
     _DBGCC                                      26       2       2       0   .abs_section_26
     _DBGCA                                      2B       2       2       0   .abs_section_2b
     _DBGCB                                      2E       2       2       0   .abs_section_2e
     _TIM0_TCNT                                  44       2       2       0   .abs_section_44
     _TIM0_TC4                                   58       2       2       0   .abs_section_58
     _TIM0_TC5                                   5A       2       2       0   .abs_section_5a
     _TIM0_TC6                                   5C       2       2       0   .abs_section_5c
     _TIM0_TC7                                   5E       2       2       0   .abs_section_5e
     _TIM0_PACNT                                 62       2       2       0   .abs_section_62
     _ATDCTL23                                   82       2       2       1   .abs_section_82
     _ATDCTL45                                   84       2       2       1   .abs_section_84
     _ATDDIEN                                    8C       2       2       0   .abs_section_8c
     _ATDDR0                                     90       2       2       1   .abs_section_90
     _ATDDR1                                     92       2       2       0   .abs_section_92
     _ATDDR2                                     94       2       2       0   .abs_section_94
     _ATDDR3                                     96       2       2       0   .abs_section_96
     _ATDDR4                                     98       2       2       0   .abs_section_98
     _ATDDR5                                     9A       2       2       0   .abs_section_9a
     _ATDDR6                                     9C       2       2       0   .abs_section_9c
     _ATDDR7                                     9E       2       2       0   .abs_section_9e
     _ATDDR8                                     A0       2       2       0   .abs_section_a0
     _ATDDR9                                     A2       2       2       0   .abs_section_a2
     _ATDDR10                                    A4       2       2       0   .abs_section_a4
     _ATDDR11                                    A6       2       2       0   .abs_section_a6
     _ATDDR12                                    A8       2       2       0   .abs_section_a8
     _ATDDR13                                    AA       2       2       0   .abs_section_aa
     _ATDDR14                                    AC       2       2       0   .abs_section_ac
     _ATDDR15                                    AE       2       2       0   .abs_section_ae
     _SCI0BD                                     C8       2       2       0   .abs_section_c8
     _SCI1BD                                     D0       2       2       0   .abs_section_d0
     _SCI2BD                                     E8       2       2       0   .abs_section_e8
     _TIM1_TCNT                                 144       2       2       0   .abs_section_144
     _TIM1_TC4                                  158       2       2       0   .abs_section_158
     _TIM1_TC5                                  15A       2       2       0   .abs_section_15a
     _TIM1_TC6                                  15C       2       2       0   .abs_section_15c
     _TIM1_TC7                                  15E       2       2       0   .abs_section_15e
     _TIM1_PACNT                                162       2       2       0   .abs_section_162
     _TIM2_TCNT                                 184       2       2       0   .abs_section_184
     _TIM2_TC4                                  198       2       2       0   .abs_section_198
     _TIM2_TC5                                  19A       2       2       0   .abs_section_19a
     _TIM2_TC6                                  19C       2       2       0   .abs_section_19c
     _TIM2_TC7                                  19E       2       2       0   .abs_section_19e
     _TIM2_PACNT                                1A2       2       2       0   .abs_section_1a2
     _PWMCNT01                                  1EC       2       2       0   .abs_section_1ec
     _PWMCNT23                                  1EE       2       2       0   .abs_section_1ee
     _PWMCNT45                                  1F0       2       2       0   .abs_section_1f0
     _PWMPER01                                  1F2       2       2       0   .abs_section_1f2
     _PWMPER23                                  1F4       2       2       0   .abs_section_1f4
     _PWMPER45                                  1F6       2       2       0   .abs_section_1f6
     _PWMDTY01                                  1F8       2       2       0   .abs_section_1f8
     _PWMDTY23                                  1FA       2       2       0   .abs_section_1fa
     _PWMDTY45                                  1FC       2       2       0   .abs_section_1fc
     _PMFVAL0                                   210       2       2       0   .abs_section_210
     _PMFVAL1                                   212       2       2       0   .abs_section_212
     _PMFVAL2                                   214       2       2       0   .abs_section_214
     _PMFVAL3                                   216       2       2       0   .abs_section_216
     _PMFVAL4                                   218       2       2       0   .abs_section_218
     _PMFVAL5                                   21A       2       2       0   .abs_section_21a
     _PMFCNTA                                   222       2       2       0   .abs_section_222
     _PMFMODA                                   224       2       2       0   .abs_section_224
     _PMFDTMA                                   226       2       2       0   .abs_section_226
     _PMFCNTB                                   22A       2       2       0   .abs_section_22a
     _PMFMODB                                   22C       2       2       0   .abs_section_22c
     _PMFDTMB                                   22E       2       2       0   .abs_section_22e
     _PMFCNTC                                   232       2       2       0   .abs_section_232
     _PMFMODC                                   234       2       2       0   .abs_section_234
     _PMFDTMC                                   236       2       2       0   .abs_section_236
     _PTAD                                      270       2       2       4   .abs_section_270
     _PTIAD                                     272       2       2       0   .abs_section_272
     _DDRAD                                     274       2       2       1   .abs_section_274
     _RDRAD                                     276       2       2       0   .abs_section_276
     _PERAD                                     278       2       2       0   .abs_section_278
     _PPSAD                                     27A       2       2       0   .abs_section_27a
     _PIEAD                                     27C       2       2       0   .abs_section_27c
     _PIFAD                                     27E       2       2       0   .abs_section_27e
MODULE:                 -- potentiometer.c.o --
- PROCEDURES:
     read_pot                                  C194      18      24       1   NON_BANKED  
- VARIABLES:
     pot_value                                  6D5       2       2       1   .common     
MODULE:                 -- SendsChr.c.o --
- PROCEDURES:
     SendsChr                                  C1AC       8       8       2   NON_BANKED  
     PlayTone                                  C1B4      1A      26       2   NON_BANKED  
- VARIABLES:
     tone                                       502       2       2       2   .bss        
     tone_count                                 504       2       2       3   .bss        
MODULE:                 -- IRQ_ISR.asm.o --
- PROCEDURES:
     IRQ_ISR                                   C1F3       A      10       0   IRQ_ISR.asm._SEC000000
     END_IRQ                                   C1FD       1       1       0   IRQ_ISR.asm._SEC000000
- VARIABLES:
MODULE:                 -- RTI_ISR.asm.o --
- PROCEDURES:
     RTI_ISR                                   C1FE       9       9       0   RTI_ISR.asm._SEC000000
     backFromSound                             C207       9       9       0   RTI_ISR.asm._SEC000000
     buttonToneReturn                          C210      20      32       0   RTI_ISR.asm._SEC000000
     cooling                                   C230       E      14       0   RTI_ISR.asm._SEC000000
     heating                                   C23E       7       7       0   RTI_ISR.asm._SEC000000
     ventilation                               C245      19      25       0   RTI_ISR.asm._SEC000000
     very_fast                                 C25E       8       8       0   RTI_ISR.asm._SEC000000
     very_slow                                 C266       8       8       0   RTI_ISR.asm._SEC000000
     fast                                      C26E       8       8       0   RTI_ISR.asm._SEC000000
     slow                                      C276       8       8       0   RTI_ISR.asm._SEC000000
     motor                                     C27E      34      52       0   RTI_ISR.asm._SEC000000
     set_port_t                                C2B2       6       6       0   RTI_ISR.asm._SEC000000
     clear_port_t                              C2B8       4       4       0   RTI_ISR.asm._SEC000000
     continue_RTI                              C2BC      1B      27       0   RTI_ISR.asm._SEC000000
     END_RTI                                   C2D7       5       5       0   RTI_ISR.asm._SEC000000
     sendSound                                 C2DC       C      12       0   RTI_ISR.asm._SEC000000
     resetSound                                C2E8       6       6       0   RTI_ISR.asm._SEC000000
     toneLP                                    C2EE      16      22       0   RTI_ISR.asm._SEC000000
     buttonTone                                C304      17      23       0   RTI_ISR.asm._SEC000000
- VARIABLES:
MODULE:                 -- change_pin.asm.o --
- PROCEDURES:
     changePin                                 C31B      28      40       1   change_pin.asm._SEC000000
     getNewPin                                 C343      27      39       0   change_pin.asm._SEC000000
     delay30ms                                 C36A      1C      28       0   change_pin.asm._SEC000000
- VARIABLES:
MODULE:                 -- change_temp.asm.o --
- PROCEDURES:
     changeTemp                                C386      5F      95       2   change_temp.asm._SEC000000
     toCelcius                                 C3E5       A      10       0   change_temp.asm._SEC000000
     skipCelciusConvert                        C3EF      9A     154       0   change_temp.asm._SEC000000
     endTempJsr                                C489       1       1       0   change_temp.asm._SEC000000
- VARIABLES:
MODULE:                 -- debounceDelay.asm.o --
- PROCEDURES:
     delay                                     C48A       6       6       1   debounceDelay.asm._SEC000000
     delay1                                    C490       7       7       0   debounceDelay.asm._SEC000000
- VARIABLES:
MODULE:                 -- keypad_no_press.asm.o --
- PROCEDURES:
     NPKEYPAD                                  C497       3       3       5   keypad_no_press.asm._SEC000000
     loop                                      C49A      10      16       0   keypad_no_press.asm._SEC000000
     00001pos                                  C4AA      1B      27       0   keypad_no_press.asm._SEC000000
     waitRelease                               C4C5      10      16       0   keypad_no_press.asm._SEC000000
     00002pos                                  C4D5      11      17       0   keypad_no_press.asm._SEC000000
     dataLP1                                   C4E6       F      15       0   keypad_no_press.asm._SEC000000
     found                                     C4F5       7       7       0   keypad_no_press.asm._SEC000000
     NOPRESS                                   C4FC       8       8       0   keypad_no_press.asm._SEC000000
- VARIABLES:
MODULE:                 -- PIN_BOOT_UP.asm.o --
- PROCEDURES:
     bootUP                                    C504      10      16       2   PIN_BOOT_UP.asm._SEC000000
     skipOver                                  C514      2B      43       0   PIN_BOOT_UP.asm._SEC000000
     getPIN                                    C53F       9       9       0   PIN_BOOT_UP.asm._SEC000000
     returntoPIN                               C548      22      34       0   PIN_BOOT_UP.asm._SEC000000
     delay30ms                                 C56A      36      54       0   PIN_BOOT_UP.asm._SEC000000
     WRONGPIN                                  C5A0      22      34       0   PIN_BOOT_UP.asm._SEC000000
     wait5seconds                              C5C2      15      21       0   PIN_BOOT_UP.asm._SEC000000
     ALARMSTATE                                C5D7       A      10       2   PIN_BOOT_UP.asm._SEC000000
     ALARM_STILL                               C5E1       2       2       0   PIN_BOOT_UP.asm._SEC000000
     delay20ms1                                C5E3       C      12       0   PIN_BOOT_UP.asm._SEC000000
     delay20ms2                                C5EF      16      22       0   PIN_BOOT_UP.asm._SEC000000
- VARIABLES:
MODULE:                 -- pushbutton.asm.o --
- PROCEDURES:
     pushbutton                                C605      10      16       6   pushbutton.asm._SEC000000
     pb_pressed                                C615       5       5       0   pushbutton.asm._SEC000000
     end_pb                                    C61A       1       1       0   pushbutton.asm._SEC000000
- VARIABLES:
MODULE:                 -- initialize_strings.asm.o --
- PROCEDURES:
     INITIALIZE_STRINGS                        C61B     80D    2061       1   initialize_strings.asm._SEC000000
- VARIABLES:
MODULE:                 -- getTargetTemp.asm.o --
- PROCEDURES:
     getTargetTemp                             CE28      27      39       2   getTargetTemp.asm._SEC000000
     change_high                               CE4F       4       4       0   getTargetTemp.asm._SEC000000
     change_low                                CE53       2       2       0   getTargetTemp.asm._SEC000000
     skip_change                               CE55      18      24       0   getTargetTemp.asm._SEC000000
     no_higher                                 CE6D       4       4       0   getTargetTemp.asm._SEC000000
     no_lower                                  CE71       6       6       0   getTargetTemp.asm._SEC000000
     end_target_temp                           CE77       A      10       0   getTargetTemp.asm._SEC000000
- VARIABLES:
MODULE:                 -- system_on_code.asm.o --
- PROCEDURES:
     SYSTEM_ON                                 CE81       9       9       1   MY_MACRO    
     SYSTEM_ON1                                CE8A      20      32       0   MY_MACRO    
     00002pos_h                                CEAA      2B      43       0   MY_MACRO    
     SYSTEM_ON2                                CED5      20      32       0   MY_MACRO    
     00005pos_h                                CEF5      2B      43       0   MY_MACRO    
     SYSTEM_ON3                                CF20      20      32       0   MY_MACRO    
     00008pos_h                                CF40      29      41       0   MY_MACRO    
     changeTempJSR                             CF69       7       7       0   MY_MACRO    
     changePinJSR                              CF70       6       6       0   MY_MACRO    
     cooling_mode                              CF76      6E     110       0   MY_MACRO    
     get_temp1                                 CF76       0       0       0   MY_MACRO    
     wait_to_cool                              CFE4       3       3       0   MY_MACRO    
     delay_light_on                            CFE7       E      14       0   MY_MACRO    
     delay_light_off                           CFF5      29      41       0   MY_MACRO    
     heating_mode                              D01E      69     105       0   MY_MACRO    
     get_temp2                                 D01E       0       0       0   MY_MACRO    
     wait_to_heat                              D087       3       3       0   MY_MACRO    
     delay_light_on2                           D08A       E      14       0   MY_MACRO    
     delay_light_off2                          D098      29      41       0   MY_MACRO    
     ventilation_mode                          D0C1      1F      31       0   MY_MACRO    
     restart_array                             D0E0       3       3       0   MY_MACRO    
     wait_to_ventilate                         D0E3      10      16       0   MY_MACRO    
     speed_control                             D0F3       D      13       0   MY_MACRO    
     speed_control2                            D100      14      20       0   MY_MACRO    
     error_message                             D114      15      21       0   MY_MACRO    
- VARIABLES:

*********************************************************************************************
MODULE STATISTIC
  Name                                      Data   Code  Const
---------------------------------------------------------------------------------------------
  main.asm.o                                 463    161     37
  lcddisp.c.o                                  2    243      0
  mc9s12e128.c.o                             352      0      0
  potentiometer.c.o                            2     24      0
  SendsChr.c.o                                 4     34      0
  IRQ_ISR.asm.o                                0     11      0
  RTI_ISR.asm.o                                0    285      0
  change_pin.asm.o                             0    107      0
  change_temp.asm.o                            0    260      0
  debounceDelay.asm.o                          0     13      0
  keypad_no_press.asm.o                        0    109      0
  PIN_BOOT_UP.asm.o                            0    257      0
  pushbutton.asm.o                             0     22      0
  initialize_strings.asm.o                     0   2061      0
  getTargetTemp.asm.o                          0     89      0
  system_on_code.asm.o                         0    680      0
  other                                      256      6      0

*********************************************************************************************
SECTION USE IN OBJECT-ALLOCATION SECTION
---------------------------------------------------------------------------------------------
SECTION: ".text"
  CRGFLG port_t port_t_ddr port_s port_s_ddr port_p port_u 
SECTION: ".bss"
  data tone tone_count 
SECTION: ".init"
  _Startup Entry MAIN MAIN_2 returnFromLight sysLoop lightLP seqSend 
  delay20ms2 
SECTION: "NON_BANKED"
  delay_ms init_LCD display_string Delay epulse sendCommand read_pot SendsChr 
  PlayTone 
SECTION: "constants"
  scanRows lutTab VAR00001 soundArr lightSequence stepper_array 
SECTION: "variables"
  boot_up_disp PINerrormsg maindisp1 maindisp2 maindisp3 newPinReq PIN flagOne 
  flagTwo tempFlag PIN_in_loc PIN_loc DelayCount saveVal pressNUM smallSeconds 
  dispChangeFreq alarmFlag alarmIsOn gettingPIN didPress pushButtonFlag 
  toneFreq right_num_disp left_num_disp convertedFlag hum_hun_p hum_ten_p 
  hum_one_p celcius_hum fahren_hum cooling_header heating_header 
  cooling_header2 heating_header2 ventilation_header ventilation_header2 
  error_header digit1 digit2 digit3 partial_temp1 partial_temp2 upper_nibble 
  pressed_value target_temp current_temp current_temp_f mode_FLAG 
  LED_blink_FLAG blink_FLAG t_on motor_counter motor_flag motor_delay 
  ventilation_speed 
SECTION: ".common"
  pot_value 
SECTION: ".abs_section_8"
  _PORTE 
SECTION: ".abs_section_9"
  _DDRE 
SECTION: ".abs_section_a"
  _PEAR 
SECTION: ".abs_section_b"
  _MODE 
SECTION: ".abs_section_c"
  _PUCR 
SECTION: ".abs_section_d"
  _RDRIV 
SECTION: ".abs_section_e"
  _EBICTL 
SECTION: ".abs_section_10"
  _INITRM 
SECTION: ".abs_section_11"
  _INITRG 
SECTION: ".abs_section_13"
  _MISC 
SECTION: ".abs_section_15"
  _ITCR 
SECTION: ".abs_section_16"
  _ITEST 
SECTION: ".abs_section_19"
  _VREGCTRL 
SECTION: ".abs_section_1c"
  _MEMSIZ0 
SECTION: ".abs_section_1d"
  _MEMSIZ1 
SECTION: ".abs_section_1e"
  _INTCR 
SECTION: ".abs_section_1f"
  _HPRIO 
SECTION: ".abs_section_20"
  _DBGC1 
SECTION: ".abs_section_21"
  _DBGSC 
SECTION: ".abs_section_24"
  _DBGCNT 
SECTION: ".abs_section_25"
  _DBGCCX 
SECTION: ".abs_section_28"
  _DBGC2 
SECTION: ".abs_section_29"
  _DBGC3 
SECTION: ".abs_section_2a"
  _DBGCAX 
SECTION: ".abs_section_2d"
  _DBGCBX 
SECTION: ".abs_section_30"
  _PPAGE 
SECTION: ".abs_section_32"
  _PORTK 
SECTION: ".abs_section_33"
  _DDRK 
SECTION: ".abs_section_34"
  _SYNR 
SECTION: ".abs_section_35"
  _REFDV 
SECTION: ".abs_section_37"
  _CRGFLG 
SECTION: ".abs_section_38"
  _CRGINT 
SECTION: ".abs_section_39"
  _CLKSEL 
SECTION: ".abs_section_3a"
  _PLLCTL 
SECTION: ".abs_section_3b"
  _RTICTL 
SECTION: ".abs_section_3c"
  _COPCTL 
SECTION: ".abs_section_3f"
  _ARMCOP 
SECTION: ".abs_section_40"
  _TIM0_TIOS 
SECTION: ".abs_section_41"
  _TIM0_CFORC 
SECTION: ".abs_section_42"
  _TIM0_OC7M 
SECTION: ".abs_section_43"
  _TIM0_OC7D 
SECTION: ".abs_section_46"
  _TIM0_TSCR1 
SECTION: ".abs_section_47"
  _TIM0_TTOV 
SECTION: ".abs_section_48"
  _TIM0_TCTL1 
SECTION: ".abs_section_4a"
  _TIM0_TCTL3 
SECTION: ".abs_section_4c"
  _TIM0_TIE 
SECTION: ".abs_section_4d"
  _TIM0_TSCR2 
SECTION: ".abs_section_4e"
  _TIM0_TFLG1 
SECTION: ".abs_section_4f"
  _TIM0_TFLG2 
SECTION: ".abs_section_60"
  _TIM0_PACTL 
SECTION: ".abs_section_61"
  _TIM0_PAFLG 
SECTION: ".abs_section_86"
  _ATDSTAT0 
SECTION: ".abs_section_89"
  _ATDTEST1 
SECTION: ".abs_section_8a"
  _ATDSTAT2 
SECTION: ".abs_section_8b"
  _ATDSTAT1 
SECTION: ".abs_section_8e"
  _PORTAD0 
SECTION: ".abs_section_8f"
  _PORTAD1 
SECTION: ".abs_section_ca"
  _SCI0CR1 
SECTION: ".abs_section_cb"
  _SCI0CR2 
SECTION: ".abs_section_cc"
  _SCI0SR1 
SECTION: ".abs_section_cd"
  _SCI0SR2 
SECTION: ".abs_section_ce"
  _SCI0DRH 
SECTION: ".abs_section_cf"
  _SCI0DRL 
SECTION: ".abs_section_d2"
  _SCI1CR1 
SECTION: ".abs_section_d3"
  _SCI1CR2 
SECTION: ".abs_section_d4"
  _SCI1SR1 
SECTION: ".abs_section_d5"
  _SCI1SR2 
SECTION: ".abs_section_d6"
  _SCI1DRH 
SECTION: ".abs_section_d7"
  _SCI1DRL 
SECTION: ".abs_section_d8"
  _SPICR1 
SECTION: ".abs_section_d9"
  _SPICR2 
SECTION: ".abs_section_da"
  _SPIBR 
SECTION: ".abs_section_db"
  _SPISR 
SECTION: ".abs_section_dd"
  _SPIDR 
SECTION: ".abs_section_e0"
  _IBAD 
SECTION: ".abs_section_e1"
  _IBFD 
SECTION: ".abs_section_e2"
  _IBCR 
SECTION: ".abs_section_e3"
  _IBSR 
SECTION: ".abs_section_e4"
  _IBDR 
SECTION: ".abs_section_ea"
  _SCI2CR1 
SECTION: ".abs_section_eb"
  _SCI2CR2 
SECTION: ".abs_section_ec"
  _SCI2SR1 
SECTION: ".abs_section_ed"
  _SCI2SR2 
SECTION: ".abs_section_ee"
  _SCI2DRH 
SECTION: ".abs_section_ef"
  _SCI2DRL 
SECTION: ".abs_section_f0"
  _DAC0_DACC0 
SECTION: ".abs_section_f2"
  _DAC0_DACDLeft 
SECTION: ".abs_section_f3"
  _DAC0_DACDRight 
SECTION: ".abs_section_f4"
  _DAC1_DACC0 
SECTION: ".abs_section_f6"
  _DAC1_DACDLeft 
SECTION: ".abs_section_f7"
  _DAC1_DACDRight 
SECTION: ".abs_section_100"
  _FCLKDIV 
SECTION: ".abs_section_101"
  _FSEC 
SECTION: ".abs_section_103"
  _FCNFG 
SECTION: ".abs_section_104"
  _FPROT 
SECTION: ".abs_section_105"
  _FSTAT 
SECTION: ".abs_section_106"
  _FCMD 
SECTION: ".abs_section_140"
  _TIM1_TIOS 
SECTION: ".abs_section_141"
  _TIM1_CFORC 
SECTION: ".abs_section_142"
  _TIM1_OC7M 
SECTION: ".abs_section_143"
  _TIM1_OC7D 
SECTION: ".abs_section_146"
  _TIM1_TSCR1 
SECTION: ".abs_section_147"
  _TIM1_TTOV 
SECTION: ".abs_section_148"
  _TIM1_TCTL1 
SECTION: ".abs_section_14a"
  _TIM1_TCTL3 
SECTION: ".abs_section_14c"
  _TIM1_TIE 
SECTION: ".abs_section_14d"
  _TIM1_TSCR2 
SECTION: ".abs_section_14e"
  _TIM1_TFLG1 
SECTION: ".abs_section_14f"
  _TIM1_TFLG2 
SECTION: ".abs_section_160"
  _TIM1_PACTL 
SECTION: ".abs_section_161"
  _TIM1_PAFLG 
SECTION: ".abs_section_180"
  _TIM2_TIOS 
SECTION: ".abs_section_181"
  _TIM2_CFORC 
SECTION: ".abs_section_182"
  _TIM2_OC7M 
SECTION: ".abs_section_183"
  _TIM2_OC7D 
SECTION: ".abs_section_186"
  _TIM2_TSCR1 
SECTION: ".abs_section_187"
  _TIM2_TTOV 
SECTION: ".abs_section_188"
  _TIM2_TCTL1 
SECTION: ".abs_section_18a"
  _TIM2_TCTL3 
SECTION: ".abs_section_18c"
  _TIM2_TIE 
SECTION: ".abs_section_18d"
  _TIM2_TSCR2 
SECTION: ".abs_section_18e"
  _TIM2_TFLG1 
SECTION: ".abs_section_18f"
  _TIM2_TFLG2 
SECTION: ".abs_section_1a0"
  _TIM2_PACTL 
SECTION: ".abs_section_1a1"
  _TIM2_PAFLG 
SECTION: ".abs_section_1e0"
  _PWME 
SECTION: ".abs_section_1e1"
  _PWMPOL 
SECTION: ".abs_section_1e2"
  _PWMCLK 
SECTION: ".abs_section_1e3"
  _PWMPRCLK 
SECTION: ".abs_section_1e4"
  _PWMCAE 
SECTION: ".abs_section_1e5"
  _PWMCTL 
SECTION: ".abs_section_1e8"
  _PWMSCLA 
SECTION: ".abs_section_1e9"
  _PWMSCLB 
SECTION: ".abs_section_1fe"
  _PWMSDN 
SECTION: ".abs_section_200"
  _PMFCFG0 
SECTION: ".abs_section_201"
  _PMFCFG1 
SECTION: ".abs_section_202"
  _PMFCFG2 
SECTION: ".abs_section_203"
  _PMFCFG3 
SECTION: ".abs_section_204"
  _PMFFCTL 
SECTION: ".abs_section_205"
  _PMFFPIN 
SECTION: ".abs_section_206"
  _PMFFSTA 
SECTION: ".abs_section_207"
  _PMFQSMP 
SECTION: ".abs_section_208"
  _PMFDMPA 
SECTION: ".abs_section_209"
  _PMFDMPB 
SECTION: ".abs_section_20a"
  _PMFDMPC 
SECTION: ".abs_section_20c"
  _PMFOUTC 
SECTION: ".abs_section_20d"
  _PMFOUTB 
SECTION: ".abs_section_20e"
  _PMFDTMS 
SECTION: ".abs_section_20f"
  _PMFCCTL 
SECTION: ".abs_section_220"
  _PMFENCA 
SECTION: ".abs_section_221"
  _PMFFQCA 
SECTION: ".abs_section_228"
  _PMFENCB 
SECTION: ".abs_section_229"
  _PMFFQCB 
SECTION: ".abs_section_230"
  _PMFENCC 
SECTION: ".abs_section_231"
  _PMFFQCC 
SECTION: ".abs_section_240"
[...]
     target_temp                                6C8       1       1       6   variables   
     current_temp                               6C9       1       1      14   variables   
     current_temp_f                             6CA       1       1       2   variables   
     mode_FLAG                                  6CB       1       1      12   variables   
     LED_blink_FLAG                             6CC       1       1       3   variables   
     blink_FLAG                                 6CD       1       1       1   variables   
     t_on                                       6CE       1       1       4   variables   
     motor_counter                              6CF       1       1       4   variables   
     motor_flag                                 6D0       1       1       7   variables   
     motor_delay                                6D1       2       2       4   variables   
     ventilation_speed                          6D3       2       2       6   variables   
     pot_value                                  6D5       2       2       1   .common     
     _Startup                                  C000       0       0       0   .init       
     Entry                                     C000      50      80       0   .init       
     MAIN                                      C050      1B      27       1   .init       
     MAIN_2                                    C06B       F      15       3   .init       
     returnFromLight                           C07A       8       8       0   .init       
     sysLoop                                   C082       5       5       0   .init       
     lightLP                                   C087       3       3       0   .init       
     seqSend                                   C08A       E      14       0   .init       
     delay20ms2                                C098       9       9       0   .init       
     delay_ms                                  C0A1      17      23       5   NON_BANKED  
     init_LCD                                  C0B8      52      82       1   NON_BANKED  
     display_string                            C10A      38      56      16   NON_BANKED  
     Delay                                     C142      1F      31       1   NON_BANKED  
     epulse                                    C161      24      36       3   NON_BANKED  
     sendCommand                               C185       F      15       7   NON_BANKED  
     read_pot                                  C194      18      24       1   NON_BANKED  
     SendsChr                                  C1AC       8       8       2   NON_BANKED  
     PlayTone                                  C1B4      1A      26       2   NON_BANKED  
     scanRows                                  C1CE       5       5       1   constants   
     lutTab                                    C1D3       9       9       1   constants   
     VAR00001                                  C1DC       8       8       0   constants   
     soundArr                                  C1E4       3       3       1   constants   
     lightSequence                             C1E7       7       7       1   constants   
     stepper_array                             C1EE       5       5       1   constants   
     IRQ_ISR                                   C1F3       A      10       0   IRQ_ISR.asm._SEC000000
     END_IRQ                                   C1FD       1       1       0   IRQ_ISR.asm._SEC000000
     RTI_ISR                                   C1FE       9       9       0   RTI_ISR.asm._SEC000000
     backFromSound                             C207       9       9       0   RTI_ISR.asm._SEC000000
     buttonToneReturn                          C210      20      32       0   RTI_ISR.asm._SEC000000
     cooling                                   C230       E      14       0   RTI_ISR.asm._SEC000000
     heating                                   C23E       7       7       0   RTI_ISR.asm._SEC000000
     ventilation                               C245      19      25       0   RTI_ISR.asm._SEC000000
     very_fast                                 C25E       8       8       0   RTI_ISR.asm._SEC000000
     very_slow                                 C266       8       8       0   RTI_ISR.asm._SEC000000
     fast                                      C26E       8       8       0   RTI_ISR.asm._SEC000000
     slow                                      C276       8       8       0   RTI_ISR.asm._SEC000000
     motor                                     C27E      34      52       0   RTI_ISR.asm._SEC000000
     set_port_t                                C2B2       6       6       0   RTI_ISR.asm._SEC000000
     clear_port_t                              C2B8       4       4       0   RTI_ISR.asm._SEC000000
     continue_RTI                              C2BC      1B      27       0   RTI_ISR.asm._SEC000000
     END_RTI                                   C2D7       5       5       0   RTI_ISR.asm._SEC000000
     sendSound                                 C2DC       C      12       0   RTI_ISR.asm._SEC000000
     resetSound                                C2E8       6       6       0   RTI_ISR.asm._SEC000000
     toneLP                                    C2EE      16      22       0   RTI_ISR.asm._SEC000000
     buttonTone                                C304      17      23       0   RTI_ISR.asm._SEC000000
     changePin                                 C31B      28      40       1   change_pin.asm._SEC000000
     getNewPin                                 C343      27      39       0   change_pin.asm._SEC000000
     delay30ms                                 C36A      1C      28       0   change_pin.asm._SEC000000
     changeTemp                                C386      5F      95       2   change_temp.asm._SEC000000
     toCelcius                                 C3E5       A      10       0   change_temp.asm._SEC000000
     skipCelciusConvert                        C3EF      9A     154       0   change_temp.asm._SEC000000
     endTempJsr                                C489       1       1       0   change_temp.asm._SEC000000
     delay                                     C48A       6       6       1   debounceDelay.asm._SEC000000
     delay1                                    C490       7       7       0   debounceDelay.asm._SEC000000
     NPKEYPAD                                  C497       3       3       5   keypad_no_press.asm._SEC000000
     loop                                      C49A      10      16       0   keypad_no_press.asm._SEC000000
     00001pos                                  C4AA      1B      27       0   keypad_no_press.asm._SEC000000
     waitRelease                               C4C5      10      16       0   keypad_no_press.asm._SEC000000
     00002pos                                  C4D5      11      17       0   keypad_no_press.asm._SEC000000
     dataLP1                                   C4E6       F      15       0   keypad_no_press.asm._SEC000000
     found                                     C4F5       7       7       0   keypad_no_press.asm._SEC000000
     NOPRESS                                   C4FC       8       8       0   keypad_no_press.asm._SEC000000
     bootUP                                    C504      10      16       2   PIN_BOOT_UP.asm._SEC000000
     skipOver                                  C514      2B      43       0   PIN_BOOT_UP.asm._SEC000000
     getPIN                                    C53F       9       9       0   PIN_BOOT_UP.asm._SEC000000
     returntoPIN                               C548      22      34       0   PIN_BOOT_UP.asm._SEC000000
     delay30ms                                 C56A      36      54       0   PIN_BOOT_UP.asm._SEC000000
     WRONGPIN                                  C5A0      22      34       0   PIN_BOOT_UP.asm._SEC000000
     wait5seconds                              C5C2      15      21       0   PIN_BOOT_UP.asm._SEC000000
     ALARMSTATE                                C5D7       A      10       2   PIN_BOOT_UP.asm._SEC000000
     ALARM_STILL                               C5E1       2       2       0   PIN_BOOT_UP.asm._SEC000000
     delay20ms1                                C5E3       C      12       0   PIN_BOOT_UP.asm._SEC000000
     delay20ms2                                C5EF      16      22       0   PIN_BOOT_UP.asm._SEC000000
     pushbutton                                C605      10      16       6   pushbutton.asm._SEC000000
     pb_pressed                                C615       5       5       0   pushbutton.asm._SEC000000
     end_pb                                    C61A       1       1       0   pushbutton.asm._SEC000000
     INITIALIZE_STRINGS                        C61B     80D    2061       1   initialize_strings.asm._SEC000000
     getTargetTemp                             CE28      27      39       2   getTargetTemp.asm._SEC000000
     change_high                               CE4F       4       4       0   getTargetTemp.asm._SEC000000
     change_low                                CE53       2       2       0   getTargetTemp.asm._SEC000000
     skip_change                               CE55      18      24       0   getTargetTemp.asm._SEC000000
     no_higher                                 CE6D       4       4       0   getTargetTemp.asm._SEC000000
     no_lower                                  CE71       6       6       0   getTargetTemp.asm._SEC000000
     end_target_temp                           CE77       A      10       0   getTargetTemp.asm._SEC000000
     SYSTEM_ON                                 CE81       9       9       1   MY_MACRO    
     SYSTEM_ON1                                CE8A      20      32       0   MY_MACRO    
     00002pos_h                                CEAA      2B      43       0   MY_MACRO    
     SYSTEM_ON2                                CED5      20      32       0   MY_MACRO    
     00005pos_h                                CEF5      2B      43       0   MY_MACRO    
     SYSTEM_ON3                                CF20      20      32       0   MY_MACRO    
     00008pos_h                                CF40      29      41       0   MY_MACRO    
     changeTempJSR                             CF69       7       7       0   MY_MACRO    
     changePinJSR                              CF70       6       6       0   MY_MACRO    
     get_temp1                                 CF76       0       0       0   MY_MACRO    
     cooling_mode                              CF76      6E     110       0   MY_MACRO    
     wait_to_cool                              CFE4       3       3       0   MY_MACRO    
     delay_light_on                            CFE7       E      14       0   MY_MACRO    
     delay_light_off                           CFF5      29      41       0   MY_MACRO    
     get_temp2                                 D01E       0       0       0   MY_MACRO    
     heating_mode                              D01E      69     105       0   MY_MACRO    
     wait_to_heat                              D087       3       3       0   MY_MACRO    
     delay_light_on2                           D08A       E      14       0   MY_MACRO    
     delay_light_off2                          D098      29      41       0   MY_MACRO    
     ventilation_mode                          D0C1      1F      31       0   MY_MACRO    
     restart_array                             D0E0       3       3       0   MY_MACRO    
     wait_to_ventilate                         D0E3      10      16       0   MY_MACRO    
     speed_control                             D0F3       D      13       0   MY_MACRO    
     speed_control2                            D100      14      20       0   MY_MACRO    
     error_message                             D114      15      21       0   MY_MACRO    

*********************************************************************************************
UNUSED-OBJECTS SECTION
---------------------------------------------------------------------------------------------

*********************************************************************************************
COPYDOWN SECTION
---------------------------------------------------------------------------------------------

*********************************************************************************************
OBJECT-DEPENDENCIES SECTION
---------------------------------------------------------------------------------------------
Entry                     USES __SEG_END_SSTACK smallSeconds toneFreq 
                                motor_counter blink_FLAG t_on motor_flag motor_delay 
                                INITIALIZE_STRINGS init_LCD 
MAIN                      USES tempFlag flagOne flagTwo alarmFlag alarmIsOn 
                                gettingPIN pushButtonFlag mode_FLAG convertedFlag 
MAIN_2                    USES current_temp changeTemp bootUP 
sysLoop                   USES SYSTEM_ON 
lightLP                   USES lightSequence 
init_LCD                  USES _DDRAD _PTAD _DDRM delay_ms _PTM data 
                                sendCommand epulse 
display_string            USES sendCommand data _PTAD epulse 
epulse                    USES data _PTM delay_ms 
sendCommand               USES data _PTAD epulse 
read_pot                  USES _ATDCTL23 Delay _ATDCTL45 _ATDSTAT0 _ATDDR0 
                                pot_value 
SendsChr                  USES tone 
PlayTone                  USES tone_count tone _PTT 
IRQ_ISR                   USES alarmIsOn alarmFlag 
RTI_ISR                   USES alarmIsOn 
backFromSound             USES didPress 
buttonToneReturn          USES port_t_ddr port_t mode_FLAG port_s 
cooling                   USES mode_FLAG motor_flag 
heating                   USES mode_FLAG 
ventilation               USES mode_FLAG port_t 
very_fast                 USES ventilation_speed 
very_slow                 USES ventilation_speed 
fast                      USES ventilation_speed 
slow                      USES ventilation_speed 
motor                     USES motor_flag port_t_ddr motor_delay motor_counter 
                                t_on 
set_port_t                USES port_t 
clear_port_t              USES port_t 
continue_RTI              USES flagOne smallSeconds flagTwo 
END_RTI                   USES CRGFLG 
sendSound                 USES port_t_ddr toneFreq 
resetSound                USES soundArr toneFreq 
toneLP                    USES SendsChr PlayTone 
buttonTone                USES port_t_ddr SendsChr PlayTone 
changePin                 USES newPinReq flagOne PIN_in_loc PIN PIN_loc 
getNewPin                 USES newPinReq display_string NPKEYPAD didPress 
                                pressNUM PIN_loc PIN_in_loc 
delay30ms                 USES PIN_in_loc PIN_loc 
changeTemp                USES tempFlag current_temp convertedFlag 
                                current_temp_f left_num_disp right_num_disp maindisp1 
                                maindisp2 
toCelcius                 USES convertedFlag 
skipCelciusConvert        USES current_temp celcius_hum hum_hun_p hum_ten_p 
                                hum_one_p maindisp1 maindisp2 left_num_disp 
                                right_num_disp tempFlag 
delay                     USES DelayCount 
NPKEYPAD                  USES scanRows 
loop                      USES alarmIsOn alarmFlag ALARMSTATE 
00001pos                  USES port_u delay saveVal 
waitRelease               USES alarmIsOn alarmFlag ALARMSTATE 
00002pos                  USES port_u saveVal lutTab 
dataLP1                   USES saveVal 
found                     USES pressNUM didPress 
NOPRESS                   USES saveVal didPress 
bootUP                    USES alarmIsOn alarmFlag 
skipOver                  USES boot_up_disp port_s PIN_in_loc PIN PIN_loc 
                                gettingPIN 
getPIN                    USES alarmFlag 
returntoPIN               USES boot_up_disp display_string NPKEYPAD didPress 
                                pressNUM PIN_in_loc 
delay30ms                 USES PIN_in_loc boot_up_disp display_string PIN_loc 
                                pressNUM gettingPIN alarmFlag alarmIsOn 
WRONGPIN                  USES flagOne boot_up_disp PINerrormsg display_string 
wait5seconds              USES flagTwo flagOne gettingPIN 
ALARMSTATE                USES alarmIsOn 
delay20ms1                USES port_s 
delay20ms2                USES port_s gettingPIN bootUP 
pushbutton                USES port_p pushButtonFlag 
pb_pressed                USES pushButtonFlag 
INITIALIZE_STRINGS        USES boot_up_disp PIN PINerrormsg maindisp1 
                                maindisp2 maindisp3 newPinReq cooling_header 
                                cooling_header2 heating_header heating_header2 
                                ventilation_header ventilation_header2 error_header 
getTargetTemp             USES read_pot digit1 
skip_change               USES partial_temp1 digit2 
end_target_temp           USES partial_temp2 digit3 
SYSTEM_ON                 USES pressNUM dispChangeFreq 
SYSTEM_ON1                USES mode_FLAG alarmFlag MAIN_2 
00002pos_h                USES NPKEYPAD pressNUM maindisp1 display_string 
                                dispChangeFreq 
SYSTEM_ON2                USES mode_FLAG alarmFlag MAIN_2 
00005pos_h                USES NPKEYPAD pressNUM maindisp2 display_string 
                                dispChangeFreq 
SYSTEM_ON3                USES mode_FLAG alarmFlag MAIN_2 
00008pos_h                USES NPKEYPAD pressNUM maindisp3 display_string 
                                dispChangeFreq 
changeTempJSR             USES changeTemp 
changePinJSR              USES changePin MAIN 
cooling_mode              USES getTargetTemp current_temp digit2 
                                cooling_header digit3 display_string mode_FLAG pushbutton 
                                pushButtonFlag target_temp t_on cooling_header2 
                                LED_blink_FLAG motor_flag 
delay_light_on            USES port_s 
delay_light_off           USES port_s pushbutton pushButtonFlag target_temp 
                                current_temp LED_blink_FLAG motor_flag 
heating_mode              USES getTargetTemp current_temp digit2 
                                heating_header digit3 display_string mode_FLAG pushbutton 
                                pushButtonFlag target_temp t_on heating_header2 motor_flag 
delay_light_on2           USES port_s 
delay_light_off2          USES port_s pushbutton pushButtonFlag target_temp 
                                current_temp LED_blink_FLAG motor_flag 
ventilation_mode          USES ventilation_header display_string mode_FLAG 
                                pushbutton pushButtonFlag ventilation_header2 
restart_array             USES stepper_array 
wait_to_ventilate         USES port_p ventilation_speed port_s 
speed_control             USES port_s ventilation_speed 
speed_control2            USES pushbutton pushButtonFlag 
error_message             USES error_header display_string mode_FLAG 

*********************************************************************************************
DEPENDENCY TREE
*********************************************************************************************
 IRQ_ISR             
   
 RTI_ISR             
   
*********************************************************************************************
STATISTIC SECTION
---------------------------------------------------------------------------------------------

ExeFile:
--------
Number of blocks to be downloaded: 15
Total size of all blocks to be downloaded: 4399

